2025-12-23 19:05:03,521 - INFO - --- Запуск обучения модели Трансформер ---
2025-12-23 19:05:36,653 - INFO - --- Запуск обучения модели Трансформер ---
2025-12-23 19:05:36,654 - INFO - Инициализация токенизатора и загрузка данных...
2025-12-23 19:05:36,654 - INFO - Загрузка данных для этапа 1 из: temp_smoke_test_data
2025-12-23 19:05:36,654 - INFO - Параллельное сканирование директории 'temp_smoke_test_data' для извлечения текста...
2025-12-23 19:05:36,655 - INFO - Обработка файла: test.txt
2025-12-23 19:05:36,656 - INFO - Данные загружены. Словарь: 25. Обучение: 48 токенов. Валидация: 0.
2025-12-23 19:05:36,656 - INFO - Инициализация модели, функций потерь и оптимизатора...
2025-12-23 19:05:36,666 - INFO - Начало цикла обучения. Этап: 1
2025-12-23 19:06:42,627 - INFO - --- Запуск обучения модели Трансформер ---
2025-12-23 19:06:42,628 - INFO - Инициализация токенизатора и загрузка данных...
2025-12-23 19:06:42,628 - INFO - Загрузка данных для этапа 1 из: temp_smoke_test_data
2025-12-23 19:06:42,628 - INFO - Параллельное сканирование директории 'temp_smoke_test_data' для извлечения текста...
2025-12-23 19:06:42,629 - INFO - Обработка файла: test.txt
2025-12-23 19:06:42,630 - INFO - Данные загружены. Словарь: 25. Обучение: 48 токенов. Валидация: 0.
2025-12-23 19:06:42,630 - INFO - Инициализация модели, функций потерь и оптимизатора...
2025-12-23 19:06:42,639 - INFO - Начало цикла обучения. Этап: 1
2025-12-23 19:07:32,517 - INFO - --- Запуск обучения модели Трансформер ---
2025-12-23 19:07:32,518 - INFO - Инициализация токенизатора и загрузка данных...
2025-12-23 19:07:32,518 - INFO - Загрузка данных для этапа 1 из: temp_smoke_test_data
2025-12-23 19:07:32,519 - INFO - Параллельное сканирование директории 'temp_smoke_test_data' для извлечения текста...
2025-12-23 19:07:32,520 - INFO - Обработка файла: test.txt
2025-12-23 19:07:32,522 - INFO - Данные загружены. Словарь: 25. Обучение: 48 токенов. Валидация: 0.
2025-12-23 19:07:32,522 - INFO - Инициализация модели, функций потерь и оптимизатора...
2025-12-23 19:07:32,543 - INFO - Начало цикла обучения. Этап: 1
2025-12-23 19:07:32,565 - INFO - Эпоха 1/1 | Потери: 3.2184 | (Policy: 3.2184 | ) | LR: 0.000505 | Время: 0.02с
2025-12-23 19:07:32,565 - INFO - Ранняя остановка! Нет улучшения Val Loss в течение 1 эпох.
2025-12-23 19:07:32,566 - INFO - Обучение завершено!
